
> med-drop@0.1.0 build
> prisma generate && next build

Environment variables loaded from .env
Prisma schema loaded from prisma\schema.prisma

Γ£ö Generated Prisma Client (v5.22.0) to .\node_modules\@prisma\client in 466ms

Start by importing your Prisma Client (See: https://pris.ly/d/importing-client)

Tip: Want to turn off tips and other hints? https://pris.ly/tip-4-nohints

   Γû▓ Next.js 14.0.4
   - Environments: .env.production, .env
   - Experiments (use at your own risk):
     ┬╖ optimizeCss

   Creating an optimized production build ...
> [PWA] Compile server
> [PWA] Compile server
> [PWA] Compile client (static)
> [PWA] Auto register service worker with: C:\MEDICAL COURIER\node_modules\next-pwa\register.js
> [PWA] Service worker: C:\MEDICAL COURIER\public\sw.js
> [PWA]   url: /sw.js
> [PWA]   scope: /
node.exe : <w> [webpack.cache.PackFileCacheStrategy] Serializing big strings (145kiB) impacts deserialization 
performance (consider using Buffer instead and decode when needed)
At C:\Program Files\nodejs\npm.ps1:29 char:3
+   & $NODE_EXE $NPM_CLI_JS $args
+   ~~~~~~~~~~~~~~~~~~~~~~~~~~~~~
    + CategoryInfo          : NotSpecified: (<w> [webpack.ca...de when needed):String) [], RemoteException
    + FullyQualifiedErrorId : NativeCommandError
 
<w> [webpack.cache.PackFileCacheStrategy] Serializing big strings (145kiB) impacts deserialization performance 
(consider using Buffer instead and decode when needed)
<w> [webpack.cache.PackFileCacheStrategy] Serializing big strings (146kiB) impacts deserialization performance 
(consider using Buffer instead and decode when needed)
<w> [webpack.cache.PackFileCacheStrategy] Serializing big strings (146kiB) impacts deserialization performance 
(consider using Buffer instead and decode when needed)
<w> [webpack.cache.PackFileCacheStrategy] Serializing big strings (439kiB) impacts deserialization performance 
(consider using Buffer instead and decode when needed)
<w> [webpack.cache.PackFileCacheStrategy] Serializing big strings (439kiB) impacts deserialization performance 
(consider using Buffer instead and decode when needed)
<w> [webpack.cache.PackFileCacheStrategy] Serializing big strings (439kiB) impacts deserialization performance 
(consider using Buffer instead and decode when needed)
<w> [webpack.cache.PackFileCacheStrategy] Serializing big strings (439kiB) impacts deserialization performance 
(consider using Buffer instead and decode when needed)
<w> [webpack.cache.PackFileCacheStrategy] Serializing big strings (214kiB) impacts deserialization performance 
(consider using Buffer instead and decode when needed)
<w> [webpack.cache.PackFileCacheStrategy] Serializing big strings (214kiB) impacts deserialization performance 
(consider using Buffer instead and decode when needed)
<w> [webpack.cache.PackFileCacheStrategy] Serializing big strings (214kiB) impacts deserialization performance 
(consider using Buffer instead and decode when needed)
<w> [webpack.cache.PackFileCacheStrategy] Serializing big strings (215kiB) impacts deserialization performance 
(consider using Buffer instead and decode when needed)
Failed to compile.

./app/api/auth/driver/signup/route.ts
Error: 
  [31mx[0m Expression expected
     ,-[[36;1;4mC:\MEDICAL COURIER\app\api\auth\driver\signup\route.ts[0m:120:1]
 [2m120[0m | 
 [2m121[0m | 
 [2m122[0m |       // Don't fail signup if email fails
 [2m123[0m |     }
     : [31;1m    ^[0m
 [2m124[0m | 
 [2m125[0m |     return NextResponse.json({
 [2m126[0m |       success: true,
     `----

Caused by:
    Syntax Error

Import trace for requested module:
./app/api/auth/driver/signup/route.ts

./app/api/auth/shipper/signup/route.ts
Error: 
  [31mx[0m Expression expected
     ,-[[36;1;4mC:\MEDICAL COURIER\app\api\auth\shipper\signup\route.ts[0m:127:1]
 [2m127[0m | 
 [2m128[0m | 
 [2m129[0m |       // Don't fail signup if email fails
 [2m130[0m |     }
     : [31;1m    ^[0m
 [2m131[0m | 
 [2m132[0m |     return NextResponse.json({
 [2m133[0m |       success: true,
     `----

Caused by:
    Syntax Error

Import trace for requested module:
./app/api/auth/shipper/signup/route.ts

./app/api/callback-queue/[id]/route.ts
Error: 
  [31mx[0m Expression expected
     ,-[[36;1;4mC:\MEDICAL COURIER\app\api\callback-queue\[id]\route.ts[0m:293:1]
 [2m293[0m | }
 [2m294[0m | 
 [2m295[0m | 
 [2m296[0m |   })
     : [31;1m  ^[0m
 [2m297[0m | 
 [2m298[0m |   // Update positions sequentially
 [2m299[0m |   for (let i = 0; i < pendingCallbacks.length; i++) {
     `----

Caused by:
    Syntax Error

Import trace for requested module:
./app/api/callback-queue/[id]/route.ts

./app/api/debug/test-email/route.ts
Error: 
  [31mx[0m Expected ';', '}' or <eof>
    ,-[[36;1;4mC:\MEDICAL COURIER\app\api\debug\test-email\route.ts[0m:73:1]
 [2m73[0m |     }
 [2m74[0m |     
 [2m75[0m |     
 [2m76[0m | [31;1m,[0m[31;1m-[0m[31;1m>[0m         message: error instanceof Error ? error.message : 'Unknown 
error',
 [2m77[0m | [31;1m|[0m[31;1m-[0m[31;1m>[0m         stack: error instanceof Error ? error.stack : undefined,
    : [31;1m`[0m[31;1m---[0m[33;1m             ^[0m
    : [31;1m`[0m[31;1m---[0m[31;1m-[0m [31;1mThis is the expression part of an expression statement[0m
 [2m78[0m |           },
 [2m79[0m |           { status: 500 }
 [2m80[0m |         )
    `----

Caused by:
    Syntax Error

Import trace for requested module:
./app/api/debug/test-email/route.ts

./app/api/drivers/[id]/restore/route.ts
Error: 
  [31mx[0m the name `prisma` is defined multiple times
     ,-[[36;1;4mC:\MEDICAL COURIER\app\api\drivers\[id]\restore\route.ts[0m:1:1]
 [2m  1[0m | import { NextRequest, NextResponse } from 'next/server'
 [2m  2[0m | import { prisma } from '@/lib/prisma'
     : [31;1m         ^^^|^^[0m
     :             [31;1m`-- [31;1mprevious definition of `prisma` here[0m[0m
 [2m  3[0m | import { createErrorResponse, withErrorHandling, NotFoundError, AuthorizationError } from '@/lib/errors'
 [2m  4[0m | import { rateLimit, RATE_LIMITS } from '@/lib/rate-limit'
 [2m  5[0m | import { verifyPassword } from '@/lib/auth'
 [2m  6[0m | import { z } from 'zod'
 [2m  7[0m | 
 [2m  8[0m | const restoreSchema = z.object({
 [2m  9[0m |   password: z.string().min(1, 'Password is required'),
 [2m 10[0m |   adminId: z.string().min(1, 'Admin ID is required'),
 [2m 11[0m | })
 [2m 12[0m | 
 [2m 13[0m | /**
 [2m 14[0m |  * POST /api/drivers/[id]/restore
 [2m 15[0m |  * Restore a soft-deleted driver account (Admin only)
 [2m 16[0m |  */
 [2m 17[0m | export async function POST(
 [2m 18[0m |   request: NextRequest,
 [2m 19[0m |   { params }: { params: Promise<{ id: string }> }
 [2m 20[0m | ) {
 [2m 21[0m |   return withErrorHandling(async (req: Request | NextRequest) => {
 [2m 22[0m |     // Apply rate limiting
 [2m 23[0m |     try {
 [2m 24[0m |       rateLimit(RATE_LIMITS.api)(request)
 [2m 25[0m |     } catch (error) {
 [2m 26[0m |       return createErrorResponse(error)
 [2m 27[0m |     }
 [2m 28[0m | 
 [2m 29[0m |     const { id } = await params
 [2m 30[0m |     const rawData = await req.json()
 [2m 31[0m |     const validation = restoreSchema.safeParse(rawData)
 [2m 32[0m | 
 [2m 33[0m |     if (!validation.success) {
 [2m 34[0m |       return NextResponse.json(
 [2m 35[0m |         {
 [2m 36[0m |           error: 'ValidationError',
 [2m 37[0m |           message: 'Invalid request data',
 [2m 38[0m |           errors: validation.error.errors,
 [2m 39[0m |         },
 [2m 40[0m |         { status: 400 }
 [2m 41[0m |       )
 [2m 42[0m |     }
 [2m 43[0m | 
 [2m 44[0m |     const { password, adminId } = validation.data
 [2m 45[0m | 
 [2m 46[0m |     // Verify admin password
 [2m 47[0m |     const admin = await prisma.user.findUnique({
 [2m 48[0m |       where: { id: adminId },
 [2m 49[0m |       select: { id: true, passwordHash: true, role: true },
 [2m 50[0m |     })
 [2m 51[0m | 
 [2m 52[0m |     if (!admin || admin.role !== 'ADMIN') {
 [2m 53[0m |       throw new AuthorizationError('Admin access required')
 [2m 54[0m |     }
 [2m 55[0m | 
 [2m 56[0m |     const isValidPassword = await verifyPassword(password, admin.passwordHash)
 [2m 57[0m |     if (!isValidPassword) {
 [2m 58[0m |       return NextResponse.json(
 [2m 59[0m |         {
 [2m 60[0m |           error: 'AuthenticationError',
 [2m 61[0m |           message: 'Invalid admin password',
 [2m 62[0m |         },
 [2m 63[0m |         { status: 401 }
 [2m 64[0m |       )
 [2m 65[0m |     }
 [2m 66[0m | 
 [2m 67[0m |     // Get driver details
 [2m 68[0m |     const driver = await prisma.driver.findUnique({
 [2m 69[0m |       where: { id },
 [2m 70[0m |       select: {
 [2m 71[0m |         id: true,
 [2m 72[0m |         firstName: true,
 [2m 73[0m |         lastName: true,
 [2m 74[0m |         email: true,
 [2m 75[0m |         deletedAt: true,
 [2m 76[0m |         deletedBy: true,
 [2m 77[0m |         deletedReason: true,
 [2m 78[0m |         isDeleted: true,
 [2m 79[0m |         status: true,
 [2m 80[0m |       },
 [2m 81[0m |     })
 [2m 82[0m | 
 [2m 83[0m |     if (!driver) {
 [2m 84[0m |       throw new NotFoundError('Driver')
 [2m 85[0m |     }
 [2m 86[0m | 
 [2m 87[0m |     // Check if driver is actually deleted
 [2m 88[0m |     if (!driver.isDeleted && !driver.deletedAt) {
 [2m 89[0m |       return NextResponse.json(
 [2m 90[0m |         {
 [2m 91[0m |           error: 'ValidationError',
 [2m 92[0m |           message: 'Driver is not deleted and cannot be restored',
 [2m 93[0m |         },
 [2m 94[0m |         { status: 400 }
 [2m 95[0m |       )
 [2m 96[0m |     }
 [2m 97[0m | 
 [2m 98[0m |     // Restore the driver account
 [2m 99[0m |     const restoredDriver = await prisma.driver.update({
 [2m100[0m |       where: { id },
 [2m101[0m |       data: {
 [2m102[0m |         isDeleted: false,
 [2m103[0m |         deletedAt: null,
 [2m104[0m |         deletedBy: null,
 [2m105[0m |         deletedReason: null,
 [2m106[0m |         status: 'AVAILABLE', // Set to available status
 [2m107[0m |       },
 [2m108[0m |       select: {
 [2m109[0m |         id: true,
 [2m110[0m |         firstName: true,
 [2m111[0m |         lastName: true,
 [2m112[0m |         email: true,
 [2m113[0m |         isDeleted: true,
 [2m114[0m |         status: true,
 [2m115[0m |       },
 [2m116[0m |     })
 [2m117[0m | 
 [2m118[0m |     return NextResponse.json({
 [2m119[0m |       success: true,
 [2m120[0m |       message: 'Driver account restored successfully',
 [2m121[0m |       driver: restoredDriver,
 [2m122[0m |     })
 [2m123[0m |   })(request)
 [2m124[0m | }
 [2m125[0m | 
 [2m126[0m | import { prisma } from '@/lib/prisma'
     : [33;1m         ^^^|^^[0m
     :             [33;1m`-- [33;1m`prisma` redefined here[0m[0m
 [2m127[0m | import { createErrorResponse, withErrorHandling, NotFoundError, AuthorizationError } from '@/lib/errors'
 [2m128[0m | import { rateLimit, RATE_LIMITS } from '@/lib/rate-limit'
 [2m128[0m | import { verifyPassword } from '@/lib/auth'
     `----

  [31mx[0m the name `createErrorResponse` is defined multiple times
     ,-[[36;1;4mC:\MEDICAL COURIER\app\api\drivers\[id]\restore\route.ts[0m:1:1]
 [2m  1[0m | import { NextRequest, NextResponse } from 'next/server'
 [2m  2[0m | import { prisma } from '@/lib/prisma'
 [2m  3[0m | import { createErrorResponse, withErrorHandling, NotFoundError, AuthorizationError } from '@/lib/errors'
     : [31;1m         ^^^^^^^^^|^^^^^^^^^[0m
     :                   [31;1m`-- [31;1mprevious definition of `createErrorResponse` here[0m[0m
 [2m  4[0m | import { rateLimit, RATE_LIMITS } from '@/lib/rate-limit'
 [2m  5[0m | import { verifyPassword } from '@/lib/auth'
 [2m  6[0m | import { z } from 'zod'
 [2m  7[0m | 
 [2m  8[0m | const restoreSchema = z.object({
 [2m  9[0m |   password: z.string().min(1, 'Password is required'),
 [2m 10[0m |   adminId: z.string().min(1, 'Admin ID is required'),
 [2m 11[0m | })
 [2m 12[0m | 
 [2m 13[0m | /**
 [2m 14[0m |  * POST /api/drivers/[id]/restore
 [2m 15[0m |  * Restore a soft-deleted driver account (Admin only)
 [2m 16[0m |  */
 [2m 17[0m | export async function POST(
 [2m 18[0m |   request: NextRequest,
 [2m 19[0m |   { params }: { params: Promise<{ id: string }> }
 [2m 20[0m | ) {
 [2m 21[0m |   return withErrorHandling(async (req: Request | NextRequest) => {
 [2m 22[0m |     // Apply rate limiting
 [2m 23[0m |     try {
 [2m 24[0m |       rateLimit(RATE_LIMITS.api)(request)
 [2m 25[0m |     } catch (error) {
 [2m 26[0m |       return createErrorResponse(error)
 [2m 27[0m |     }
 [2m 28[0m | 
 [2m 29[0m |     const { id } = await params
 [2m 30[0m |     const rawData = await req.json()
 [2m 31[0m |     const validation = restoreSchema.safeParse(rawData)
 [2m 32[0m | 
 [2m 33[0m |     if (!validation.success) {
 [2m 34[0m |       return NextResponse.json(
 [2m 35[0m |         {
 [2m 36[0m |           error: 'ValidationError',
 [2m 37[0m |           message: 'Invalid request data',
 [2m 38[0m |           errors: validation.error.errors,
 [2m 39[0m |         },
 [2m 40[0m |         { status: 400 }
 [2m 41[0m |       )
 [2m 42[0m |     }
 [2m 43[0m | 
 [2m 44[0m |     const { password, adminId } = validation.data
 [2m 45[0m | 
 [2m 46[0m |     // Verify admin password
 [2m 47[0m |     const admin = await prisma.user.findUnique({
 [2m 48[0m |       where: { id: adminId },
 [2m 49[0m |       select: { id: true, passwordHash: true, role: true },
 [2m 50[0m |     })
 [2m 51[0m | 
 [2m 52[0m |     if (!admin || admin.role !== 'ADMIN') {
 [2m 53[0m |       throw new AuthorizationError('Admin access required')
 [2m 54[0m |     }
 [2m 55[0m | 
 [2m 56[0m |     const isValidPassword = await verifyPassword(password, admin.passwordHash)
 [2m 57[0m |     if (!isValidPassword) {
 [2m 58[0m |       return NextResponse.json(
 [2m 59[0m |         {
 [2m 60[0m |           error: 'AuthenticationError',
 [2m 61[0m |           message: 'Invalid admin password',
 [2m 62[0m |         },
 [2m 63[0m |         { status: 401 }
 [2m 64[0m |       )
 [2m 65[0m |     }
 [2m 66[0m | 
 [2m 67[0m |     // Get driver details
 [2m 68[0m |     const driver = await prisma.driver.findUnique({
 [2m 69[0m |       where: { id },
 [2m 70[0m |       select: {
 [2m 71[0m |         id: true,
 [2m 72[0m |         firstName: true,
 [2m 73[0m |         lastName: true,
 [2m 74[0m |         email: true,
 [2m 75[0m |         deletedAt: true,
 [2m 76[0m |         deletedBy: true,
 [2m 77[0m |         deletedReason: true,
 [2m 78[0m |         isDeleted: true,
 [2m 79[0m |         status: true,
 [2m 80[0m |       },
 [2m 81[0m |     })
 [2m 82[0m | 
 [2m 83[0m |     if (!driver) {
 [2m 84[0m |       throw new NotFoundError('Driver')
 [2m 85[0m |     }
 [2m 86[0m | 
 [2m 87[0m |     // Check if driver is actually deleted
 [2m 88[0m |     if (!driver.isDeleted && !driver.deletedAt) {
 [2m 89[0m |       return NextResponse.json(
 [2m 90[0m |         {
 [2m 91[0m |           error: 'ValidationError',
 [2m 92[0m |           message: 'Driver is not deleted and cannot be restored',
 [2m 93[0m |         },
 [2m 94[0m |         { status: 400 }
 [2m 95[0m |       )
 [2m 96[0m |     }
 [2m 97[0m | 
 [2m 98[0m |     // Restore the driver account
 [2m 99[0m |     const restoredDriver = await prisma.driver.update({
 [2m100[0m |       where: { id },
 [2m101[0m |       data: {
 [2m102[0m |         isDeleted: false,
 [2m103[0m |         deletedAt: null,
 [2m104[0m |         deletedBy: null,
 [2m105[0m |         deletedReason: null,
 [2m106[0m |         status: 'AVAILABLE', // Set to available status
 [2m107[0m |       },
 [2m108[0m |       select: {
 [2m109[0m |         id: true,
 [2m110[0m |         firstName: true,
 [2m111[0m |         lastName: true,
 [2m112[0m |         email: true,
 [2m113[0m |         isDeleted: true,
 [2m114[0m |         status: true,
 [2m115[0m |       },
 [2m116[0m |     })
 [2m117[0m | 
 [2m118[0m |     return NextResponse.json({
 [2m119[0m |       success: true,
 [2m120[0m |       message: 'Driver account restored successfully',
 [2m121[0m |       driver: restoredDriver,
 [2m122[0m |     })
 [2m123[0m |   })(request)
 [2m124[0m | }
 [2m125[0m | 
 [2m126[0m | import { prisma } from '@/lib/prisma'
 [2m127[0m | import { createErrorResponse, withErrorHandling, NotFoundError, AuthorizationError } from '@/lib/errors'
     : [33;1m         ^^^^^^^^^|^^^^^^^^^[0m
     :                   [33;1m`-- [33;1m`createErrorResponse` redefined here[0m[0m
 [2m128[0m | import { rateLimit, RATE_LIMITS } from '@/lib/rate-limit'
 [2m129[0m | import { verifyPassword } from '@/lib/auth'
 [2m129[0m | import { z } from 'zod'
     `----

  [31mx[0m the name `withErrorHandling` is defined multiple times
     ,-[[36;1;4mC:\MEDICAL COURIER\app\api\drivers\[id]\restore\route.ts[0m:1:1]
 [2m  1[0m | import { NextRequest, NextResponse } from 'next/server'
 [2m  2[0m | import { prisma } from '@/lib/prisma'
 [2m  3[0m | import { createErrorResponse, withErrorHandling, NotFoundError, AuthorizationError } from '@/lib/errors'
     : [31;1m                              ^^^^^^^^|^^^^^^^^[0m
     :                                       [31;1m`-- [31;1mprevious definition of `withErrorHandling` here[0m[0m
 [2m  4[0m | import { rateLimit, RATE_LIMITS } from '@/lib/rate-limit'
 [2m  5[0m | import { verifyPassword } from '@/lib/auth'
 [2m  6[0m | import { z } from 'zod'
 [2m  7[0m | 
 [2m  8[0m | const restoreSchema = z.object({
 [2m  9[0m |   password: z.string().min(1, 'Password is required'),
 [2m 10[0m |   adminId: z.string().min(1, 'Admin ID is required'),
 [2m 11[0m | })
 [2m 12[0m | 
 [2m 13[0m | /**
 [2m 14[0m |  * POST /api/drivers/[id]/restore
 [2m 15[0m |  * Restore a soft-deleted driver account (Admin only)
 [2m 16[0m |  */
 [2m 17[0m | export async function POST(
 [2m 18[0m |   request: NextRequest,
 [2m 19[0m |   { params }: { params: Promise<{ id: string }> }
 [2m 20[0m | ) {
 [2m 21[0m |   return withErrorHandling(async (req: Request | NextRequest) => {
 [2m 22[0m |     // Apply rate limiting
 [2m 23[0m |     try {
 [2m 24[0m |       rateLimit(RATE_LIMITS.api)(request)
 [2m 25[0m |     } catch (error) {
 [2m 26[0m |       return createErrorResponse(error)
 [2m 27[0m |     }
 [2m 28[0m | 
 [2m 29[0m |     const { id } = await params
 [2m 30[0m |     const rawData = await req.json()
 [2m 31[0m |     const validation = restoreSchema.safeParse(rawData)
 [2m 32[0m | 
 [2m 33[0m |     if (!validation.success) {
 [2m 34[0m |       return NextResponse.json(
 [2m 35[0m |         {
 [2m 36[0m |           error: 'ValidationError',
 [2m 37[0m |           message: 'Invalid request data',
 [2m 38[0m |           errors: validation.error.errors,
 [2m 39[0m |         },
 [2m 40[0m |         { status: 400 }
 [2m 41[0m |       )
 [2m 42[0m |     }
 [2m 43[0m | 
 [2m 44[0m |     const { password, adminId } = validation.data
 [2m 45[0m | 
 [2m 46[0m |     // Verify admin password
 [2m 47[0m |     const admin = await prisma.user.findUnique({
 [2m 48[0m |       where: { id: adminId },
 [2m 49[0m |       select: { id: true, passwordHash: true, role: true },
 [2m 50[0m |     })
 [2m 51[0m | 
 [2m 52[0m |     if (!admin || admin.role !== 'ADMIN') {
 [2m 53[0m |       throw new AuthorizationError('Admin access required')
 [2m 54[0m |     }
 [2m 55[0m | 
 [2m 56[0m |     const isValidPassword = await verifyPassword(password, admin.passwordHash)
 [2m 57[0m |     if (!isValidPassword) {
 [2m 58[0m |       return NextResponse.json(
 [2m 59[0m |         {
 [2m 60[0m |           error: 'AuthenticationError',
 [2m 61[0m |           message: 'Invalid admin password',
 [2m 62[0m |         },
 [2m 63[0m |         { status: 401 }
 [2m 64[0m |       )
 [2m 65[0m |     }
 [2m 66[0m | 
 [2m 67[0m |     // Get driver details
 [2m 68[0m |     const driver = await prisma.driver.findUnique({
 [2m 69[0m |       where: { id },
 [2m 70[0m |       select: {
 [2m 71[0m |         id: true,
 [2m 72[0m |         firstName: true,
 [2m 73[0m |         lastName: true,
 [2m 74[0m |         email: true,
 [2m 75[0m |         deletedAt: true,
 [2m 76[0m |         deletedBy: true,
 [2m 77[0m |         deletedReason: true,
 [2m 78[0m |         isDeleted: true,
 [2m 79[0m |         status: true,
 [2m 80[0m |       },
 [2m 81[0m |     })
 [2m 82[0m | 
 [2m 83[0m |     if (!driver) {
 [2m 84[0m |       throw new NotFoundError('Driver')
 [2m 85[0m |     }
 [2m 86[0m | 
 [2m 87[0m |     // Check if driver is actually deleted
 [2m 88[0m |     if (!driver.isDeleted && !driver.deletedAt) {
 [2m 89[0m |       return NextResponse.json(
 [2m 90[0m |         {
 [2m 91[0m |           error: 'ValidationError',
 [2m 92[0m |           message: 'Driver is not deleted and cannot be restored',
 [2m 93[0m |         },
 [2m 94[0m |         { status: 400 }
 [2m 95[0m |       )
 [2m 96[0m |     }
 [2m 97[0m | 
 [2m 98[0m |     // Restore the driver account
 [2m 99[0m |     const restoredDriver = await prisma.driver.update({
 [2m100[0m |       where: { id },
 [2m101[0m |       data: {
 [2m102[0m |         isDeleted: false,
 [2m103[0m |         deletedAt: null,
 [2m104[0m |         deletedBy: null,
 [2m105[0m |         deletedReason: null,
 [2m106[0m |         status: 'AVAILABLE', // Set to available status
 [2m107[0m |       },
 [2m108[0m |       select: {
 [2m109[0m |         id: true,
 [2m110[0m |         firstName: true,
 [2m111[0m |         lastName: true,
 [2m112[0m |         email: true,
 [2m113[0m |         isDeleted: true,
 [2m114[0m |         status: true,
 [2m115[0m |       },
 [2m116[0m |     })
 [2m117[0m | 
 [2m118[0m |     return NextResponse.json({
 [2m119[0m |       success: true,
 [2m120[0m |       message: 'Driver account restored successfully',
 [2m121[0m |       driver: restoredDriver,
 [2m122[0m |     })
 [2m123[0m |   })(request)
 [2m124[0m | }
 [2m125[0m | 
 [2m126[0m | import { prisma } from '@/lib/prisma'
 [2m127[0m | import { createErrorResponse, withErrorHandling, NotFoundError, AuthorizationError } from '@/lib/errors'
     : [33;1m                              ^^^^^^^^|^^^^^^^^[0m
     :                                       [33;1m`-- [33;1m`withErrorHandling` redefined here[0m[0m
 [2m128[0m | import { rateLimit, RATE_LIMITS } from '@/lib/rate-limit'
 [2m129[0m | import { verifyPassword } from '@/lib/auth'
 [2m129[0m | import { z } from 'zod'
     `----

  [31mx[0m the name `NotFoundError` is defined multiple times
     ,-[[36;1;4mC:\MEDICAL COURIER\app\api\drivers\[id]\restore\route.ts[0m:1:1]
 [2m  1[0m | import { NextRequest, NextResponse } from 'next/server'
 [2m  2[0m | import { prisma } from '@/lib/prisma'
 [2m  3[0m | import { createErrorResponse, withErrorHandling, NotFoundError, AuthorizationError } from '@/lib/errors'
     : [31;1m                                                 ^^^^^^|^^^^^^[0m
     :                                                        [31;1m`-- [31;1mprevious definition of `NotFoundError` 
here[0m[0m
 [2m  4[0m | import { rateLimit, RATE_LIMITS } from '@/lib/rate-limit'
 [2m  5[0m | import { verifyPassword } from '@/lib/auth'
 [2m  6[0m | import { z } from 'zod'
 [2m  7[0m | 
 [2m  8[0m | const restoreSchema = z.object({
 [2m  9[0m |   password: z.string().min(1, 'Password is required'),
 [2m 10[0m |   adminId: z.string().min(1, 'Admin ID is required'),
 [2m 11[0m | })
 [2m 12[0m | 
 [2m 13[0m | /**
 [2m 14[0m |  * POST /api/drivers/[id]/restore
 [2m 15[0m |  * Restore a soft-deleted driver account (Admin only)
 [2m 16[0m |  */
 [2m 17[0m | export async function POST(
 [2m 18[0m |   request: NextRequest,
 [2m 19[0m |   { params }: { params: Promise<{ id: string }> }
 [2m 20[0m | ) {
 [2m 21[0m |   return withErrorHandling(async (req: Request | NextRequest) => {
 [2m 22[0m |     // Apply rate limiting
 [2m 23[0m |     try {
 [2m 24[0m |       rateLimit(RATE_LIMITS.api)(request)
 [2m 25[0m |     } catch (error) {
 [2m 26[0m |       return createErrorResponse(error)
 [2m 27[0m |     }
 [2m 28[0m | 
 [2m 29[0m |     const { id } = await params
 [2m 30[0m |     const rawData = await req.json()
 [2m 31[0m |     const validation = restoreSchema.safeParse(rawData)
 [2m 32[0m | 
 [2m 33[0m |     if (!validation.success) {
 [2m 34[0m |       return NextResponse.json(
 [2m 35[0m |         {
 [2m 36[0m |           error: 'ValidationError',
 [2m 37[0m |           message: 'Invalid request data',
 [2m 38[0m |           errors: validation.error.errors,
 [2m 39[0m |         },
 [2m 40[0m |         { status: 400 }
 [2m 41[0m |       )
 [2m 42[0m |     }
 [2m 43[0m | 
 [2m 44[0m |     const { password, adminId } = validation.data
 [2m 45[0m | 
 [2m 46[0m |     // Verify admin password
 [2m 47[0m |     const admin = await prisma.user.findUnique({
 [2m 48[0m |       where: { id: adminId },
 [2m 49[0m |       select: { id: true, passwordHash: true, role: true },
 [2m 50[0m |     })
 [2m 51[0m | 
 [2m 52[0m |     if (!admin || admin.role !== 'ADMIN') {
 [2m 53[0m |       throw new AuthorizationError('Admin access required')
 [2m 54[0m |     }
 [2m 55[0m | 
 [2m 56[0m |     const isValidPassword = await verifyPassword(password, admin.passwordHash)
 [2m 57[0m |     if (!isValidPassword) {
 [2m 58[0m |       return NextResponse.json(
 [2m 59[0m |         {
 [2m 60[0m |           error: 'AuthenticationError',
 [2m 61[0m |           message: 'Invalid admin password',
 [2m 62[0m |         },
 [2m 63[0m |         { status: 401 }
 [2m 64[0m |       )
 [2m 65[0m |     }
 [2m 66[0m | 
 [2m 67[0m |     // Get driver details
 [2m 68[0m |     const driver = await prisma.driver.findUnique({
 [2m 69[0m |       where: { id },
 [2m 70[0m |       select: {
 [2m 71[0m |         id: true,
 [2m 72[0m |         firstName: true,
 [2m 73[0m |         lastName: true,
 [2m 74[0m |         email: true,
 [2m 75[0m |         deletedAt: true,
 [2m 76[0m |         deletedBy: true,
 [2m 77[0m |         deletedReason: true,
 [2m 78[0m |         isDeleted: true,
 [2m 79[0m |         status: true,
 [2m 80[0m |       },
 [2m 81[0m |     })
 [2m 82[0m | 
 [2m 83[0m |     if (!driver) {
 [2m 84[0m |       throw new NotFoundError('Driver')
 [2m 85[0m |     }
 [2m 86[0m | 
 [2m 87[0m |     // Check if driver is actually deleted
 [2m 88[0m |     if (!driver.isDeleted && !driver.deletedAt) {
 [2m 89[0m |       return NextResponse.json(
 [2m 90[0m |         {
 [2m 91[0m |           error: 'ValidationError',
 [2m 92[0m |           message: 'Driver is not deleted and cannot be restored',
 [2m 93[0m |         },
 [2m 94[0m |         { status: 400 }
 [2m 95[0m |       )
 [2m 96[0m |     }
 [2m 97[0m | 
 [2m 98[0m |     // Restore the driver account
 [2m 99[0m |     const restoredDriver = await prisma.driver.update({
 [2m100[0m |       where: { id },
 [2m101[0m |       data: {
 [2m102[0m |         isDeleted: false,
 [2m103[0m |         deletedAt: null,
 [2m104[0m |         deletedBy: null,
 [2m105[0m |         deletedReason: null,
 [2m106[0m |         status: 'AVAILABLE', // Set to available status
 [2m107[0m |       },
 [2m108[0m |       select: {
 [2m109[0m |         id: true,
 [2m110[0m |         firstName: true,
 [2m111[0m |         lastName: true,
 [2m112[0m |         email: true,
 [2m113[0m |         isDeleted: true,
 [2m114[0m |         status: true,
 [2m115[0m |       },
 [2m116[0m |     })
 [2m117[0m | 
 [2m118[0m |     return NextResponse.json({
 [2m119[0m |       success: true,
 [2m120[0m |       message: 'Driver account restored successfully',
 [2m121[0m |       driver: restoredDriver,
 [2m122[0m |     })
 [2m123[0m |   })(request)
 [2m124[0m | }
 [2m125[0m | 
 [2m126[0m | import { prisma } from '@/lib/prisma'
 [2m127[0m | import { createErrorResponse, withErrorHandling, NotFoundError, AuthorizationError } from '@/lib/errors'
     : [33;1m                                                 ^^^^^^|^^^^^^[0m
     :                                                        [33;1m`-- [33;1m`NotFoundError` redefined here[0m[0m
 [2m128[0m | import { rateLimit, RATE_LIMITS } from '@/lib/rate-limit'
 [2m129[0m | import { verifyPassword } from '@/lib/auth'
 [2m129[0m | import { z } from 'zod'
     `----

  [31mx[0m the name `AuthorizationError` is defined multiple times
     ,-[[36;1;4mC:\MEDICAL COURIER\app\api\drivers\[id]\restore\route.ts[0m:1:1]
 [2m  1[0m | import { NextRequest, NextResponse } from 'next/server'
 [2m  2[0m | import { prisma } from '@/lib/prisma'
 [2m  3[0m | import { createErrorResponse, withErrorHandling, NotFoundError, AuthorizationError } from '@/lib/errors'
     : [31;1m                                                                ^^^^^^^^^|^^^^^^^^[0m
     :                                                                          [31;1m`-- [31;1mprevious definition 
of `AuthorizationError` here[0m[0m
 [2m  4[0m | import { rateLimit, RATE_LIMITS } from '@/lib/rate-limit'
 [2m  5[0m | import { verifyPassword } from '@/lib/auth'
 [2m  6[0m | import { z } from 'zod'
 [2m  7[0m | 
 [2m  8[0m | const restoreSchema = z.object({
 [2m  9[0m |   password: z.string().min(1, 'Password is required'),
 [2m 10[0m |   adminId: z.string().min(1, 'Admin ID is required'),
 [2m 11[0m | })
 [2m 12[0m | 
 [2m 13[0m | /**
 [2m 14[0m |  * POST /api/drivers/[id]/restore
 [2m 15[0m |  * Restore a soft-deleted driver account (Admin only)
 [2m 16[0m |  */
 [2m 17[0m | export async function POST(
 [2m 18[0m |   request: NextRequest,
 [2m 19[0m |   { params }: { params: Promise<{ id: string }> }
 [2m 20[0m | ) {
 [2m 21[0m |   return withErrorHandling(async (req: Request | NextRequest) => {
 [2m 22[0m |     // Apply rate limiting
 [2m 23[0m |     try {
 [2m 24[0m |       rateLimit(RATE_LIMITS.api)(request)
 [2m 25[0m |     } catch (error) {
 [2m 26[0m |       return createErrorResponse(error)
 [2m 27[0m |     }
 [2m 28[0m | 
 [2m 29[0m |     const { id } = await params
 [2m 30[0m |     const rawData = await req.json()
 [2m 31[0m |     const validation = restoreSchema.safeParse(rawData)
 [2m 32[0m | 
 [2m 33[0m |     if (!validation.success) {
 [2m 34[0m |       return NextResponse.json(
 [2m 35[0m |         {
 [2m 36[0m |           error: 'ValidationError',
 [2m 37[0m |           message: 'Invalid request data',
 [2m 38[0m |           errors: validation.error.errors,
 [2m 39[0m |         },
 [2m 40[0m |         { status: 400 }
 [2m 41[0m |       )
 [2m 42[0m |     }
 [2m 43[0m | 
 [2m 44[0m |     const { password, adminId } = validation.data
 [2m 45[0m | 
 [2m 46[0m |     // Verify admin password
 [2m 47[0m |     const admin = await prisma.user.findUnique({
 [2m 48[0m |       where: { id: adminId },
 [2m 49[0m |       select: { id: true, passwordHash: true, role: true },
 [2m 50[0m |     })
 [2m 51[0m | 
 [2m 52[0m |     if (!admin || admin.role !== 'ADMIN') {
 [2m 53[0m |       throw new AuthorizationError('Admin access required')
 [2m 54[0m |     }
 [2m 55[0m | 
 [2m 56[0m |     const isValidPassword = await verifyPassword(password, admin.passwordHash)
 [2m 57[0m |     if (!isValidPassword) {
 [2m 58[0m |       return NextResponse.json(
 [2m 59[0m |         {
 [2m 60[0m |           error: 'AuthenticationError',
 [2m 61[0m |           message: 'Invalid admin password',
 [2m 62[0m |         },
 [2m 63[0m |         { status: 401 }
 [2m 64[0m |       )
 [2m 65[0m |     }
 [2m 66[0m | 
 [2m 67[0m |     // Get driver details
 [2m 68[0m |     const driver = await prisma.driver.findUnique({
 [2m 69[0m |       where: { id },
 [2m 70[0m |       select: {
 [2m 71[0m |         id: true,
 [2m 72[0m |         firstName: true,
 [2m 73[0m |         lastName: true,
 [2m 74[0m |         email: true,
 [2m 75[0m |         deletedAt: true,
 [2m 76[0m |         deletedBy: true,
 [2m 77[0m |         deletedReason: true,
 [2m 78[0m |         isDeleted: true,
 [2m 79[0m |         status: true,
 [2m 80[0m |       },
 [2m 81[0m |     })
 [2m 82[0m | 
 [2m 83[0m |     if (!driver) {
 [2m 84[0m |       throw new NotFoundError('Driver')
 [2m 85[0m |     }
 [2m 86[0m | 
 [2m 87[0m |     // Check if driver is actually deleted
 [2m 88[0m |     if (!driver.isDeleted && !driver.deletedAt) {
 [2m 89[0m |       return NextResponse.json(
 [2m 90[0m |         {
 [2m 91[0m |           error: 'ValidationError',
 [2m 92[0m |           message: 'Driver is not deleted and cannot be restored',
 [2m 93[0m |         },
 [2m 94[0m |         { status: 400 }
 [2m 95[0m |       )
 [2m 96[0m |     }
 [2m 97[0m | 
 [2m 98[0m |     // Restore the driver account
 [2m 99[0m |     const restoredDriver = await prisma.driver.update({
 [2m100[0m |       where: { id },
 [2m101[0m |       data: {
 [2m102[0m |         isDeleted: false,
 [2m103[0m |         deletedAt: null,
 [2m104[0m |         deletedBy: null,
 [2m105[0m |         deletedReason: null,
 [2m106[0m |         status: 'AVAILABLE', // Set to available status
 [2m107[0m |       },
 [2m108[0m |       select: {
 [2m109[0m |         id: true,
 [2m110[0m |         firstName: true,
 [2m111[0m |         lastName: true,
 [2m112[0m |         email: true,
 [2m113[0m |         isDeleted: true,
 [2m114[0m |         status: true,
 [2m115[0m |       },
 [2m116[0m |     })
 [2m117[0m | 
 [2m118[0m |     return NextResponse.json({
 [2m119[0m |       success: true,
 [2m120[0m |       message: 'Driver account restored successfully',
 [2m121[0m |       driver: restoredDriver,
 [2m122[0m |     })
 [2m123[0m |   })(request)
 [2m124[0m | }
 [2m125[0m | 
 [2m126[0m | import { prisma } from '@/lib/prisma'
 [2m127[0m | import { createErrorResponse, withErrorHandling, NotFoundError, AuthorizationError } from '@/lib/errors'
     : [33;1m                                                                ^^^^^^^^^|^^^^^^^^[0m
     :                                                                          [33;1m`-- [33;1m`AuthorizationError` 
redefined here[0m[0m
 [2m128[0m | import { rateLimit, RATE_LIMITS } from '@/lib/rate-limit'
 [2m129[0m | import { verifyPassword } from '@/lib/auth'
 [2m129[0m | import { z } from 'zod'
     `----

  [31mx[0m the name `rateLimit` is defined multiple times
     ,-[[36;1;4mC:\MEDICAL COURIER\app\api\drivers\[id]\restore\route.ts[0m:1:1]
 [2m  1[0m | import { NextRequest, NextResponse } from 'next/server'
 [2m  2[0m | import { prisma } from '@/lib/prisma'
 [2m  3[0m | import { createErrorResponse, withErrorHandling, NotFoundError, AuthorizationError } from '@/lib/errors'
 [2m  4[0m | import { rateLimit, RATE_LIMITS } from '@/lib/rate-limit'
     : [31;1m         ^^^^|^^^^[0m
     :              [31;1m`-- [31;1mprevious definition of `rateLimit` here[0m[0m
 [2m  5[0m | import { verifyPassword } from '@/lib/auth'
 [2m  6[0m | import { z } from 'zod'
 [2m  7[0m | 
 [2m  8[0m | const restoreSchema = z.object({
 [2m  9[0m |   password: z.string().min(1, 'Password is required'),
 [2m 10[0m |   adminId: z.string().min(1, 'Admin ID is required'),
 [2m 11[0m | })
 [2m 12[0m | 
 [2m 13[0m | /**
 [2m 14[0m |  * POST /api/drivers/[id]/restore
 [2m 15[0m |  * Restore a soft-deleted driver account (Admin only)
 [2m 16[0m |  */
 [2m 17[0m | export async function POST(
 [2m 18[0m |   request: NextRequest,
 [2m 19[0m |   { params }: { params: Promise<{ id: string }> }
 [2m 20[0m | ) {
 [2m 21[0m |   return withErrorHandling(async (req: Request | NextRequest) => {
 [2m 22[0m |     // Apply rate limiting
 [2m 23[0m |     try {
 [2m 24[0m |       rateLimit(RATE_LIMITS.api)(request)
 [2m 25[0m |     } catch (error) {
 [2m 26[0m |       return createErrorResponse(error)
 [2m 27[0m |     }
 [2m 28[0m | 
 [2m 29[0m |     const { id } = await params
 [2m 30[0m |     const rawData = await req.json()
 [2m 31[0m |     const validation = restoreSchema.safeParse(rawData)
 [2m 32[0m | 
 [2m 33[0m |     if (!validation.success) {
 [2m 34[0m |       return NextResponse.json(
 [2m 35[0m |         {
 [2m 36[0m |           error: 'ValidationError',
 [2m 37[0m |           message: 'Invalid request data',
 [2m 38[0m |           errors: validation.error.errors,
 [2m 39[0m |         },
 [2m 40[0m |         { status: 400 }
 [2m 41[0m |       )
 [2m 42[0m |     }
 [2m 43[0m | 
 [2m 44[0m |     const { password, adminId } = validation.data
 [2m 45[0m | 
 [2m 46[0m |     // Verify admin password
 [2m 47[0m |     const admin = await prisma.user.findUnique({
 [2m 48[0m |       where: { id: adminId },
 [2m 49[0m |       select: { id: true, passwordHash: true, role: true },
 [2m 50[0m |     })
 [2m 51[0m | 
 [2m 52[0m |     if (!admin || admin.role !== 'ADMIN') {
 [2m 53[0m |       throw new AuthorizationError('Admin access required')
 [2m 54[0m |     }
 [2m 55[0m | 
 [2m 56[0m |     const isValidPassword = await verifyPassword(password, admin.passwordHash)
 [2m 57[0m |     if (!isValidPassword) {
 [2m 58[0m |       return NextResponse.json(
 [2m 59[0m |         {
 [2m 60[0m |           error: 'AuthenticationError',
 [2m 61[0m |           message: 'Invalid admin password',
 [2m 62[0m |         },
 [2m 63[0m |         { status: 401 }
 [2m 64[0m |       )
 [2m 65[0m |     }
 [2m 66[0m | 
 [2m 67[0m |     // Get driver details
 [2m 68[0m |     const driver = await prisma.driver.findUnique({
 [2m 69[0m |       where: { id },
 [2m 70[0m |       select: {
 [2m 71[0m |         id: true,
 [2m 72[0m |         firstName: true,
 [2m 73[0m |         lastName: true,
 [2m 74[0m |         email: true,
 [2m 75[0m |         deletedAt: true,
 [2m 76[0m |         deletedBy: true,
 [2m 77[0m |         deletedReason: true,
 [2m 78[0m |         isDeleted: true,
 [2m 79[0m |         status: true,
 [2m 80[0m |       },
 [2m 81[0m |     })
 [2m 82[0m | 
 [2m 83[0m |     if (!driver) {
 [2m 84[0m |       throw new NotFoundError('Driver')
 [2m 85[0m |     }
 [2m 86[0m | 
 [2m 87[0m |     // Check if driver is actually deleted
 [2m 88[0m |     if (!driver.isDeleted && !driver.deletedAt) {
 [2m 89[0m |       return NextResponse.json(
 [2m 90[0m |         {
 [2m 91[0m |           error: 'ValidationError',
 [2m 92[0m |           message: 'Driver is not deleted and cannot be restored',
 [2m 93[0m |         },
 [2m 94[0m |         { status: 400 }
 [2m 95[0m |       )
 [2m 96[0m |     }
 [2m 97[0m | 
 [2m 98[0m |     // Restore the driver account
 [2m 99[0m |     const restoredDriver = await prisma.driver.update({
 [2m100[0m |       where: { id },
 [2m101[0m |       data: {
 [2m102[0m |         isDeleted: false,
 [2m103[0m |         deletedAt: null,
 [2m104[0m |         deletedBy: null,
 [2m105[0m |         deletedReason: null,
 [2m106[0m |         status: 'AVAILABLE', // Set to available status
 [2m107[0m |       },
 [2m108[0m |       select: {
 [2m109[0m |         id: true,
 [2m110[0m |         firstName: true,
 [2m111[0m |         lastName: true,
 [2m112[0m |         email: true,
 [2m113[0m |         isDeleted: true,
 [2m114[0m |         status: true,
 [2m115[0m |       },
 [2m116[0m |     })
 [2m117[0m | 
 [2m118[0m |     return NextResponse.json({
 [2m119[0m |       success: true,
 [2m120[0m |       message: 'Driver account restored successfully',
 [2m121[0m |       driver: restoredDriver,
 [2m122[0m |     })
 [2m123[0m |   })(request)
 [2m124[0m | }
 [2m125[0m | 
 [2m126[0m | import { prisma } from '@/lib/prisma'
 [2m127[0m | import { createErrorResponse, withErrorHandling, NotFoundError, AuthorizationError } from '@/lib/errors'
 [2m128[0m | import { rateLimit, RATE_LIMITS } from '@/lib/rate-limit'
     : [33;1m         ^^^^|^^^^[0m
     :              [33;1m`-- [33;1m`rateLimit` redefined here[0m[0m
 [2m129[0m | import { verifyPassword } from '@/lib/auth'
 [2m130[0m | import { z } from 'zod'
 [2m130[0m | 
     `----

  [31mx[0m the name `RATE_LIMITS` is defined multiple times
     ,-[[36;1;4mC:\MEDICAL COURIER\app\api\drivers\[id]\restore\route.ts[0m:1:1]
 [2m  1[0m | import { NextRequest, NextResponse } from 'next/server'
 [2m  2[0m | import { prisma } from '@/lib/prisma'
 [2m  3[0m | import { createErrorResponse, withErrorHandling, NotFoundError, AuthorizationError } from '@/lib/errors'
 [2m  4[0m | import { rateLimit, RATE_LIMITS } from '@/lib/rate-limit'
     : [31;1m                    ^^^^^|^^^^^[0m
     :                          [31;1m`-- [31;1mprevious definition of `RATE_LIMITS` here[0m[0m
 [2m  5[0m | import { verifyPassword } from '@/lib/auth'
 [2m  6[0m | import { z } from 'zod'
 [2m  7[0m | 
 [2m  8[0m | const restoreSchema = z.object({
 [2m  9[0m |   password: z.string().min(1, 'Password is required'),
 [2m 10[0m |   adminId: z.string().min(1, 'Admin ID is required'),
 [2m 11[0m | })
 [2m 12[0m | 
 [2m 13[0m | /**
 [2m 14[0m |  * POST /api/drivers/[id]/restore
 [2m 15[0m |  * Restore a soft-deleted driver account (Admin only)
 [2m 16[0m |  */
 [2m 17[0m | export async function POST(
 [2m 18[0m |   request: NextRequest,
 [2m 19[0m |   { params }: { params: Promise<{ id: string }> }
 [2m 20[0m | ) {
 [2m 21[0m |   return withErrorHandling(async (req: Request | NextRequest) => {
 [2m 22[0m |     // Apply rate limiting
 [2m 23[0m |     try {
 [2m 24[0m |       rateLimit(RATE_LIMITS.api)(request)
 [2m 25[0m |     } catch (error) {
 [2m 26[0m |       return createErrorResponse(error)
 [2m 27[0m |     }
 [2m 28[0m | 
 [2m 29[0m |     const { id } = await params
 [2m 30[0m |     const rawData = await req.json()
 [2m 31[0m |     const validation = restoreSchema.safeParse(rawData)
 [2m 32[0m | 
 [2m 33[0m |     if (!validation.success) {
 [2m 34[0m |       return NextResponse.json(
 [2m 35[0m |         {
 [2m 36[0m |           error: 'ValidationError',
 [2m 37[0m |           message: 'Invalid request data',
 [2m 38[0m |           errors: validation.error.errors,
 [2m 39[0m |         },
 [2m 40[0m |         { status: 400 }
 [2m 41[0m |       )
 [2m 42[0m |     }
 [2m 43[0m | 
 [2m 44[0m |     const { password, adminId } = validation.data
 [2m 45[0m | 
 [2m 46[0m |     // Verify admin password
 [2m 47[0m |     const admin = await prisma.user.findUnique({
 [2m 48[0m |       where: { id: adminId },
 [2m 49[0m |       select: { id: true, passwordHash: true, role: true },
 [2m 50[0m |     })
 [2m 51[0m | 
 [2m 52[0m |     if (!admin || admin.role !== 'ADMIN') {
 [2m 53[0m |       throw new AuthorizationError('Admin access required')
 [2m 54[0m |     }
 [2m 55[0m | 
 [2m 56[0m |     const isValidPassword = await verifyPassword(password, admin.passwordHash)
 [2m 57[0m |     if (!isValidPassword) {
 [2m 58[0m |       return NextResponse.json(
 [2m 59[0m |         {
 [2m 60[0m |           error: 'AuthenticationError',
 [2m 61[0m |           message: 'Invalid admin password',
 [2m 62[0m |         },
 [2m 63[0m |         { status: 401 }
 [2m 64[0m |       )
 [2m 65[0m |     }
 [2m 66[0m | 
 [2m 67[0m |     // Get driver details
 [2m 68[0m |     const driver = await prisma.driver.findUnique({
 [2m 69[0m |       where: { id },
 [2m 70[0m |       select: {
 [2m 71[0m |         id: true,
 [2m 72[0m |         firstName: true,
 [2m 73[0m |         lastName: true,
 [2m 74[0m |         email: true,
 [2m 75[0m |         deletedAt: true,
 [2m 76[0m |         deletedBy: true,
 [2m 77[0m |         deletedReason: true,
 [2m 78[0m |         isDeleted: true,
 [2m 79[0m |         status: true,
 [2m 80[0m |       },
 [2m 81[0m |     })
 [2m 82[0m | 
 [2m 83[0m |     if (!driver) {
 [2m 84[0m |       throw new NotFoundError('Driver')
 [2m 85[0m |     }
 [2m 86[0m | 
 [2m 87[0m |     // Check if driver is actually deleted
 [2m 88[0m |     if (!driver.isDeleted && !driver.deletedAt) {
 [2m 89[0m |       return NextResponse.json(
 [2m 90[0m |         {
 [2m 91[0m |           error: 'ValidationError',
 [2m 92[0m |           message: 'Driver is not deleted and cannot be restored',
 [2m 93[0m |         },
 [2m 94[0m |         { status: 400 }
 [2m 95[0m |       )
 [2m 96[0m |     }
 [2m 97[0m | 
 [2m 98[0m |     // Restore the driver account
 [2m 99[0m |     const restoredDriver = await prisma.driver.update({
 [2m100[0m |       where: { id },
 [2m101[0m |       data: {
 [2m102[0m |         isDeleted: false,
 [2m103[0m |         deletedAt: null,
 [2m104[0m |         deletedBy: null,
 [2m105[0m |         deletedReason: null,
 [2m106[0m |         status: 'AVAILABLE', // Set to available status
 [2m107[0m |       },
 [2m108[0m |       select: {
 [2m109[0m |         id: true,
 [2m110[0m |         firstName: true,
 [2m111[0m |         lastName: true,
 [2m112[0m |         email: true,
 [2m113[0m |         isDeleted: true,
 [2m114[0m |         status: true,
 [2m115[0m |       },
 [2m116[0m |     })
 [2m117[0m | 
 [2m118[0m |     return NextResponse.json({
 [2m119[0m |       success: true,
 [2m120[0m |       message: 'Driver account restored successfully',
 [2m121[0m |       driver: restoredDriver,
 [2m122[0m |     })
 [2m123[0m |   })(request)
 [2m124[0m | }
 [2m125[0m | 
 [2m126[0m | import { prisma } from '@/lib/prisma'
 [2m127[0m | import { createErrorResponse, withErrorHandling, NotFoundError, AuthorizationError } from '@/lib/errors'
 [2m128[0m | import { rateLimit, RATE_LIMITS } from '@/lib/rate-limit'
     : [33;1m                    ^^^^^|^^^^^[0m
     :                          [33;1m`-- [33;1m`RATE_LIMITS` redefined here[0m[0m
 [2m129[0m | import { verifyPassword } from '@/lib/auth'
 [2m130[0m | import { z } from 'zod'
 [2m130[0m | 
     `----

  [31mx[0m the name `verifyPassword` is defined multiple times
     ,-[[36;1;4mC:\MEDICAL COURIER\app\api\drivers\[id]\restore\route.ts[0m:2:1]
 [2m  2[0m | import { prisma } from '@/lib/prisma'
 [2m  3[0m | import { createErrorResponse, withErrorHandling, NotFoundError, AuthorizationError } from '@/lib/errors'
 [2m  4[0m | import { rateLimit, RATE_LIMITS } from '@/lib/rate-limit'
 [2m  5[0m | import { verifyPassword } from '@/lib/auth'
     : [31;1m         ^^^^^^^|^^^^^^[0m
     :                 [31;1m`-- [31;1mprevious definition of `verifyPassword` here[0m[0m
 [2m  6[0m | import { z } from 'zod'
 [2m  7[0m | 
 [2m  8[0m | const restoreSchema = z.object({
 [2m  9[0m |   password: z.string().min(1, 'Password is required'),
 [2m 10[0m |   adminId: z.string().min(1, 'Admin ID is required'),
 [2m 11[0m | })
 [2m 12[0m | 
 [2m 13[0m | /**
 [2m 14[0m |  * POST /api/drivers/[id]/restore
 [2m 15[0m |  * Restore a soft-deleted driver account (Admin only)
 [2m 16[0m |  */
 [2m 17[0m | export async function POST(
 [2m 18[0m |   request: NextRequest,
 [2m 19[0m |   { params }: { params: Promise<{ id: string }> }
 [2m 20[0m | ) {
 [2m 21[0m |   return withErrorHandling(async (req: Request | NextRequest) => {
 [2m 22[0m |     // Apply rate limiting
 [2m 23[0m |     try {
 [2m 24[0m |       rateLimit(RATE_LIMITS.api)(request)
 [2m 25[0m |     } catch (error) {
 [2m 26[0m |       return createErrorResponse(error)
 [2m 27[0m |     }
 [2m 28[0m | 
 [2m 29[0m |     const { id } = await params
 [2m 30[0m |     const rawData = await req.json()
 [2m 31[0m |     const validation = restoreSchema.safeParse(rawData)
 [2m 32[0m | 
 [2m 33[0m |     if (!validation.success) {
 [2m 34[0m |       return NextResponse.json(
 [2m 35[0m |         {
 [2m 36[0m |           error: 'ValidationError',
 [2m 37[0m |           message: 'Invalid request data',
 [2m 38[0m |           errors: validation.error.errors,
 [2m 39[0m |         },
 [2m 40[0m |         { status: 400 }
 [2m 41[0m |       )
 [2m 42[0m |     }
 [2m 43[0m | 
 [2m 44[0m |     const { password, adminId } = validation.data
 [2m 45[0m | 
 [2m 46[0m |     // Verify admin password
 [2m 47[0m |     const admin = await prisma.user.findUnique({
 [2m 48[0m |       where: { id: adminId },
 [2m 49[0m |       select: { id: true, passwordHash: true, role: true },
 [2m 50[0m |     })
 [2m 51[0m | 
 [2m 52[0m |     if (!admin || admin.role !== 'ADMIN') {
 [2m 53[0m |       throw new AuthorizationError('Admin access required')
 [2m 54[0m |     }
 [2m 55[0m | 
 [2m 56[0m |     const isValidPassword = await verifyPassword(password, admin.passwordHash)
 [2m 57[0m |     if (!isValidPassword) {
 [2m 58[0m |       return NextResponse.json(
 [2m 59[0m |         {
 [2m 60[0m |           error: 'AuthenticationError',
 [2m 61[0m |           message: 'Invalid admin password',
 [2m 62[0m |         },
 [2m 63[0m |         { status: 401 }
 [2m 64[0m |       )
 [2m 65[0m |     }
 [2m 66[0m | 
 [2m 67[0m |     // Get driver details
 [2m 68[0m |     const driver = await prisma.driver.findUnique({
 [2m 69[0m |       where: { id },
 [2m 70[0m |       select: {
 [2m 71[0m |         id: true,
 [2m 72[0m |         firstName: true,
 [2m 73[0m |         lastName: true,
 [2m 74[0m |         email: true,
 [2m 75[0m |         deletedAt: true,
 [2m 76[0m |         deletedBy: true,
 [2m 77[0m |         deletedReason: true,
 [2m 78[0m |         isDeleted: true,
 [2m 79[0m |         status: true,
 [2m 80[0m |       },
 [2m 81[0m |     })
 [2m 82[0m | 
 [2m 83[0m |     if (!driver) {
 [2m 84[0m |       throw new NotFoundError('Driver')
 [2m 85[0m |     }
 [2m 86[0m | 
 [2m 87[0m |     // Check if driver is actually deleted
 [2m 88[0m |     if (!driver.isDeleted && !driver.deletedAt) {
 [2m 89[0m |       return NextResponse.json(
 [2m 90[0m |         {
 [2m 91[0m |           error: 'ValidationError',
 [2m 92[0m |           message: 'Driver is not deleted and cannot be restored',
 [2m 93[0m |         },
 [2m 94[0m |         { status: 400 }
 [2m 95[0m |       )
 [2m 96[0m |     }
 [2m 97[0m | 
 [2m 98[0m |     // Restore the driver account
 [2m 99[0m |     const restoredDriver = await prisma.driver.update({
 [2m100[0m |       where: { id },
 [2m101[0m |       data: {
 [2m102[0m |         isDeleted: false,
 [2m103[0m |         deletedAt: null,
 [2m104[0m |         deletedBy: null,
 [2m105[0m |         deletedReason: null,
 [2m106[0m |         status: 'AVAILABLE', // Set to available status
 [2m107[0m |       },
 [2m108[0m |       select: {
 [2m109[0m |         id: true,
 [2m110[0m |         firstName: true,
 [2m111[0m |         lastName: true,
 [2m112[0m |         email: true,
 [2m113[0m |         isDeleted: true,
 [2m114[0m |         status: true,
 [2m115[0m |       },
 [2m116[0m |     })
 [2m117[0m | 
 [2m118[0m |     return NextResponse.json({
 [2m119[0m |       success: true,
 [2m120[0m |       message: 'Driver account restored successfully',
 [2m121[0m |       driver: restoredDriver,
 [2m122[0m |     })
 [2m123[0m |   })(request)
 [2m124[0m | }
 [2m125[0m | 
 [2m126[0m | import { prisma } from '@/lib/prisma'
 [2m127[0m | import { createErrorResponse, withErrorHandling, NotFoundError, AuthorizationError } from '@/lib/errors'
 [2m128[0m | import { rateLimit, RATE_LIMITS } from '@/lib/rate-limit'
 [2m129[0m | import { verifyPassword } from '@/lib/auth'
     : [33;1m         ^^^^^^^|^^^^^^[0m
     :                 [33;1m`-- [33;1m`verifyPassword` redefined here[0m[0m
 [2m130[0m | import { z } from 'zod'
 [2m131[0m | 
 [2m131[0m | const restoreSchema = z.object({
     `----

  [31mx[0m the name `z` is defined multiple times
     ,-[[36;1;4mC:\MEDICAL COURIER\app\api\drivers\[id]\restore\route.ts[0m:3:1]
 [2m  3[0m | import { createErrorResponse, withErrorHandling, NotFoundError, AuthorizationError } from '@/lib/errors'
 [2m  4[0m | import { rateLimit, RATE_LIMITS } from '@/lib/rate-limit'
 [2m  5[0m | import { verifyPassword } from '@/lib/auth'
 [2m  6[0m | import { z } from 'zod'
     : [31;1m         |[0m
     :          [31;1m`-- [31;1mprevious definition of `z` here[0m[0m
 [2m  7[0m | 
 [2m  8[0m | const restoreSchema = z.object({
 [2m  9[0m |   password: z.string().min(1, 'Password is required'),
 [2m 10[0m |   adminId: z.string().min(1, 'Admin ID is required'),
 [2m 11[0m | })
 [2m 12[0m | 
 [2m 13[0m | /**
 [2m 14[0m |  * POST /api/drivers/[id]/restore
 [2m 15[0m |  * Restore a soft-deleted driver account (Admin only)
 [2m 16[0m |  */
 [2m 17[0m | export async function POST(
 [2m 18[0m |   request: NextRequest,
 [2m 19[0m |   { params }: { params: Promise<{ id: string }> }
 [2m 20[0m | ) {
 [2m 21[0m |   return withErrorHandling(async (req: Request | NextRequest) => {
 [2m 22[0m |     // Apply rate limiting
 [2m 23[0m |     try {
 [2m 24[0m |       rateLimit(RATE_LIMITS.api)(request)
 [2m 25[0m |     } catch (error) {
 [2m 26[0m |       return createErrorResponse(error)
 [2m 27[0m |     }
 [2m 28[0m | 
 [2m 29[0m |     const { id } = await params
 [2m 30[0m |     const rawData = await req.json()
 [2m 31[0m |     const validation = restoreSchema.safeParse(rawData)
 [2m 32[0m | 
 [2m 33[0m |     if (!validation.success) {
 [2m 34[0m |       return NextResponse.json(
 [2m 35[0m |         {
 [2m 36[0m |           error: 'ValidationError',
 [2m 37[0m |           message: 'Invalid request data',
 [2m 38[0m |           errors: validation.error.errors,
 [2m 39[0m |         },
 [2m 40[0m |         { status: 400 }
 [2m 41[0m |       )
 [2m 42[0m |     }
 [2m 43[0m | 
 [2m 44[0m |     const { password, adminId } = validation.data
 [2m 45[0m | 
 [2m 46[0m |     // Verify admin password
 [2m 47[0m |     const admin = await prisma.user.findUnique({
 [2m 48[0m |       where: { id: adminId },
 [2m 49[0m |       select: { id: true, passwordHash: true, role: true },
 [2m 50[0m |     })
 [2m 51[0m | 
 [2m 52[0m |     if (!admin || admin.role !== 'ADMIN') {
 [2m 53[0m |       throw new AuthorizationError('Admin access required')
 [2m 54[0m |     }
 [2m 55[0m | 
 [2m 56[0m |     const isValidPassword = await verifyPassword(password, admin.passwordHash)
 [2m 57[0m |     if (!isValidPassword) {
 [2m 58[0m |       return NextResponse.json(
 [2m 59[0m |         {
 [2m 60[0m |           error: 'AuthenticationError',
 [2m 61[0m |           message: 'Invalid admin password',
 [2m 62[0m |         },
 [2m 63[0m |         { status: 401 }
 [2m 64[0m |       )
 [2m 65[0m |     }
 [2m 66[0m | 
 [2m 67[0m |     // Get driver details
 [2m 68[0m |     const driver = await prisma.driver.findUnique({
 [2m 69[0m |       where: { id },
 [2m 70[0m |       select: {
 [2m 71[0m |         id: true,
 [2m 72[0m |         firstName: true,
 [2m 73[0m |         lastName: true,
 [2m 74[0m |         email: true,
 [2m 75[0m |         deletedAt: true,
 [2m 76[0m |         deletedBy: true,
 [2m 77[0m |         deletedReason: true,
 [2m 78[0m |         isDeleted: true,
 [2m 79[0m |         status: true,
 [2m 80[0m |       },
 [2m 81[0m |     })
 [2m 82[0m | 
 [2m 83[0m |     if (!driver) {
 [2m 84[0m |       throw new NotFoundError('Driver')
 [2m 85[0m |     }
 [2m 86[0m | 
 [2m 87[0m |     // Check if driver is actually deleted
 [2m 88[0m |     if (!driver.isDeleted && !driver.deletedAt) {
 [2m 89[0m |       return NextResponse.json(
 [2m 90[0m |         {
 [2m 91[0m |           error: 'ValidationError',
 [2m 92[0m |           message: 'Driver is not deleted and cannot be restored',
 [2m 93[0m |         },
 [2m 94[0m |         { status: 400 }
 [2m 95[0m |       )
 [2m 96[0m |     }
 [2m 97[0m | 
 [2m 98[0m |     // Restore the driver account
 [2m 99[0m |     const restoredDriver = await prisma.driver.update({
 [2m100[0m |       where: { id },
 [2m101[0m |       data: {
 [2m102[0m |         isDeleted: false,
 [2m103[0m |         deletedAt: null,
 [2m104[0m |         deletedBy: null,
 [2m105[0m |         deletedReason: null,
 [2m106[0m |         status: 'AVAILABLE', // Set to available status
 [2m107[0m |       },
 [2m108[0m |       select: {
 [2m109[0m |         id: true,
 [2m110[0m |         firstName: true,
 [2m111[0m |         lastName: true,
 [2m112[0m |         email: true,
 [2m113[0m |         isDeleted: true,
 [2m114[0m |         status: true,
 [2m115[0m |       },
 [2m116[0m |     })
 [2m117[0m | 
 [2m118[0m |     return NextResponse.json({
 [2m119[0m |       success: true,
 [2m120[0m |       message: 'Driver account restored successfully',
 [2m121[0m |       driver: restoredDriver,
 [2m122[0m |     })
 [2m123[0m |   })(request)
 [2m124[0m | }
 [2m125[0m | 
 [2m126[0m | import { prisma } from '@/lib/prisma'
 [2m127[0m | import { createErrorResponse, withErrorHandling, NotFoundError, AuthorizationError } from '@/lib/errors'
 [2m128[0m | import { rateLimit, RATE_LIMITS } from '@/lib/rate-limit'
 [2m129[0m | import { verifyPassword } from '@/lib/auth'
 [2m130[0m | import { z } from 'zod'
     : [33;1m         |[0m
     :          [33;1m`-- [33;1m`z` redefined here[0m[0m
 [2m131[0m | 
 [2m132[0m | const restoreSchema = z.object({
 [2m132[0m |   password: z.string().min(1, 'Password is required'),
     `----

  [31mx[0m the name `restoreSchema` is defined multiple times
     ,-[[36;1;4mC:\MEDICAL COURIER\app\api\drivers\[id]\restore\route.ts[0m:5:1]
 [2m  5[0m | import { verifyPassword } from '@/lib/auth'
 [2m  6[0m | import { z } from 'zod'
 [2m  7[0m | 
 [2m  8[0m | const restoreSchema = z.object({
     : [31;1m      ^^^^^^|^^^^^^[0m
     :             [31;1m`-- [31;1mprevious definition of `restoreSchema` here[0m[0m
 [2m  9[0m |   password: z.string().min(1, 'Password is required'),
 [2m 10[0m |   adminId: z.string().min(1, 'Admin ID is required'),
 [2m 11[0m | })
 [2m 12[0m | 
 [2m 13[0m | /**
 [2m 14[0m |  * POST /api/drivers/[id]/restore
 [2m 15[0m |  * Restore a soft-deleted driver account (Admin only)
 [2m 16[0m |  */
 [2m 17[0m | export async function POST(
 [2m 18[0m |   request: NextRequest,
 [2m 19[0m |   { params }: { params: Promise<{ id: string }> }
 [2m 20[0m | ) {
 [2m 21[0m |   return withErrorHandling(async (req: Request | NextRequest) => {
 [2m 22[0m |     // Apply rate limiting
 [2m 23[0m |     try {
 [2m 24[0m |       rateLimit(RATE_LIMITS.api)(request)
 [2m 25[0m |     } catch (error) {
 [2m 26[0m |       return createErrorResponse(error)
 [2m 27[0m |     }
 [2m 28[0m | 
 [2m 29[0m |     const { id } = await params
 [2m 30[0m |     const rawData = await req.json()
 [2m 31[0m |     const validation = restoreSchema.safeParse(rawData)
 [2m 32[0m | 
 [2m 33[0m |     if (!validation.success) {
 [2m 34[0m |       return NextResponse.json(
 [2m 35[0m |         {
 [2m 36[0m |           error: 'ValidationError',
 [2m 37[0m |           message: 'Invalid request data',
 [2m 38[0m |           errors: validation.error.errors,
 [2m 39[0m |         },
 [2m 40[0m |         { status: 400 }
 [2m 41[0m |       )
 [2m 42[0m |     }
 [2m 43[0m | 
 [2m 44[0m |     const { password, adminId } = validation.data
 [2m 45[0m | 
 [2m 46[0m |     // Verify admin password
 [2m 47[0m |     const admin = await prisma.user.findUnique({
 [2m 48[0m |       where: { id: adminId },
 [2m 49[0m |       select: { id: true, passwordHash: true, role: true },
 [2m 50[0m |     })
 [2m 51[0m | 
 [2m 52[0m |     if (!admin || admin.role !== 'ADMIN') {
 [2m 53[0m |       throw new AuthorizationError('Admin access required')
 [2m 54[0m |     }
 [2m 55[0m | 
 [2m 56[0m |     const isValidPassword = await verifyPassword(password, admin.passwordHash)
 [2m 57[0m |     if (!isValidPassword) {
 [2m 58[0m |       return NextResponse.json(
 [2m 59[0m |         {
 [2m 60[0m |           error: 'AuthenticationError',
 [2m 61[0m |           message: 'Invalid admin password',
 [2m 62[0m |         },
 [2m 63[0m |         { status: 401 }
 [2m 64[0m |       )
 [2m 65[0m |     }
 [2m 66[0m | 
 [2m 67[0m |     // Get driver details
 [2m 68[0m |     const driver = await prisma.driver.findUnique({
 [2m 69[0m |       where: { id },
 [2m 70[0m |       select: {
 [2m 71[0m |         id: true,
 [2m 72[0m |         firstName: true,
 [2m 73[0m |         lastName: true,
 [2m 74[0m |         email: true,
 [2m 75[0m |         deletedAt: true,
 [2m 76[0m |         deletedBy: true,
 [2m 77[0m |         deletedReason: true,
 [2m 78[0m |         isDeleted: true,
 [2m 79[0m |         status: true,
 [2m 80[0m |       },
 [2m 81[0m |     })
 [2m 82[0m | 
 [2m 83[0m |     if (!driver) {
 [2m 84[0m |       throw new NotFoundError('Driver')
 [2m 85[0m |     }
 [2m 86[0m | 
 [2m 87[0m |     // Check if driver is actually deleted
 [2m 88[0m |     if (!driver.isDeleted && !driver.deletedAt) {
 [2m 89[0m |       return NextResponse.json(
 [2m 90[0m |         {
 [2m 91[0m |           error: 'ValidationError',
 [2m 92[0m |           message: 'Driver is not deleted and cannot be restored',
 [2m 93[0m |         },
 [2m 94[0m |         { status: 400 }
 [2m 95[0m |       )
 [2m 96[0m |     }
 [2m 97[0m | 
 [2m 98[0m |     // Restore the driver account
 [2m 99[0m |     const restoredDriver = await prisma.driver.update({
 [2m100[0m |       where: { id },
 [2m101[0m |       data: {
 [2m102[0m |         isDeleted: false,
 [2m103[0m |         deletedAt: null,
 [2m104[0m |         deletedBy: null,
 [2m105[0m |         deletedReason: null,
 [2m106[0m |         status: 'AVAILABLE', // Set to available status
 [2m107[0m |       },
 [2m108[0m |       select: {
 [2m109[0m |         id: true,
 [2m110[0m |         firstName: true,
 [2m111[0m |         lastName: true,
 [2m112[0m |         email: true,
 [2m113[0m |         isDeleted: true,
 [2m114[0m |         status: true,
 [2m115[0m |       },
 [2m116[0m |     })
 [2m117[0m | 
 [2m118[0m |     return NextResponse.json({
 [2m119[0m |       success: true,
 [2m120[0m |       message: 'Driver account restored successfully',
 [2m121[0m |       driver: restoredDriver,
 [2m122[0m |     })
 [2m123[0m |   })(request)
 [2m124[0m | }
 [2m125[0m | 
 [2m126[0m | import { prisma } from '@/lib/prisma'
 [2m127[0m | import { createErrorResponse, withErrorHandling, NotFoundError, AuthorizationError } from '@/lib/errors'
 [2m128[0m | import { rateLimit, RATE_LIMITS } from '@/lib/rate-limit'
 [2m129[0m | import { verifyPassword } from '@/lib/auth'
 [2m130[0m | import { z } from 'zod'
 [2m131[0m | 
 [2m132[0m | const restoreSchema = z.object({
     : [33;1m      ^^^^^^|^^^^^^[0m
     :             [33;1m`-- [33;1m`restoreSchema` redefined here[0m[0m
 [2m133[0m |   password: z.string().min(1, 'Password is required'),
 [2m134[0m |   adminId: z.string().min(1, 'Admin ID is required'),
 [2m134[0m | })
     `----

  [31mx[0m the name `POST` is defined multiple times
     ,-[[36;1;4mC:\MEDICAL COURIER\app\api\drivers\[id]\restore\route.ts[0m:14:1]
 [2m 14[0m |  * POST /api/drivers/[id]/restore
 [2m 15[0m |  * Restore a soft-deleted driver account (Admin only)
 [2m 16[0m |  */
 [2m 17[0m | export async function POST(
     : [31;1m                      ^^|^[0m
     :                         [31;1m`-- [31;1mprevious definition of `POST` here[0m[0m
 [2m 18[0m |   request: NextRequest,
 [2m 19[0m |   { params }: { params: Promise<{ id: string }> }
 [2m 20[0m | ) {
 [2m 21[0m |   return withErrorHandling(async (req: Request | NextRequest) => {
 [2m 22[0m |     // Apply rate limiting
 [2m 23[0m |     try {
 [2m 24[0m |       rateLimit(RATE_LIMITS.api)(request)
 [2m 25[0m |     } catch (error) {
 [2m 26[0m |       return createErrorResponse(error)
 [2m 27[0m |     }
 [2m 28[0m | 
 [2m 29[0m |     const { id } = await params
 [2m 30[0m |     const rawData = await req.json()
 [2m 31[0m |     const validation = restoreSchema.safeParse(rawData)
 [2m 32[0m | 
 [2m 33[0m |     if (!validation.success) {
 [2m 34[0m |       return NextResponse.json(
 [2m 35[0m |         {
 [2m 36[0m |           error: 'ValidationError',
 [2m 37[0m |           message: 'Invalid request data',
 [2m 38[0m |           errors: validation.error.errors,
 [2m 39[0m |         },
 [2m 40[0m |         { status: 400 }
 [2m 41[0m |       )
 [2m 42[0m |     }
 [2m 43[0m | 
 [2m 44[0m |     const { password, adminId } = validation.data
 [2m 45[0m | 
 [2m 46[0m |     // Verify admin password
 [2m 47[0m |     const admin = await prisma.user.findUnique({
 [2m 48[0m |       where: { id: adminId },
 [2m 49[0m |       select: { id: true, passwordHash: true, role: true },
 [2m 50[0m |     })
 [2m 51[0m | 
 [2m 52[0m |     if (!admin || admin.role !== 'ADMIN') {
 [2m 53[0m |       throw new AuthorizationError('Admin access required')
 [2m 54[0m |     }
 [2m 55[0m | 
 [2m 56[0m |     const isValidPassword = await verifyPassword(password, admin.passwordHash)
 [2m 57[0m |     if (!isValidPassword) {
 [2m 58[0m |       return NextResponse.json(
 [2m 59[0m |         {
 [2m 60[0m |           error: 'AuthenticationError',
 [2m 61[0m |           message: 'Invalid admin password',
 [2m 62[0m |         },
 [2m 63[0m |         { status: 401 }
 [2m 64[0m |       )
 [2m 65[0m |     }
 [2m 66[0m | 
 [2m 67[0m |     // Get driver details
 [2m 68[0m |     const driver = await prisma.driver.findUnique({
 [2m 69[0m |       where: { id },
 [2m 70[0m |       select: {
 [2m 71[0m |         id: true,
 [2m 72[0m |         firstName: true,
 [2m 73[0m |         lastName: true,
 [2m 74[0m |         email: true,
 [2m 75[0m |         deletedAt: true,
 [2m 76[0m |         deletedBy: true,
 [2m 77[0m |         deletedReason: true,
 [2m 78[0m |         isDeleted: true,
 [2m 79[0m |         status: true,
 [2m 80[0m |       },
 [2m 81[0m |     })
 [2m 82[0m | 
 [2m 83[0m |     if (!driver) {
 [2m 84[0m |       throw new NotFoundError('Driver')
 [2m 85[0m |     }
 [2m 86[0m | 
 [2m 87[0m |     // Check if driver is actually deleted
 [2m 88[0m |     if (!driver.isDeleted && !driver.deletedAt) {
 [2m 89[0m |       return NextResponse.json(
 [2m 90[0m |         {
 [2m 91[0m |           error: 'ValidationError',
 [2m 92[0m |           message: 'Driver is not deleted and cannot be restored',
 [2m 93[0m |         },
 [2m 94[0m |         { status: 400 }
 [2m 95[0m |       )
 [2m 96[0m |     }
 [2m 97[0m | 
 [2m 98[0m |     // Restore the driver account
 [2m 99[0m |     const restoredDriver = await prisma.driver.update({
 [2m100[0m |       where: { id },
 [2m101[0m |       data: {
 [2m102[0m |         isDeleted: false,
 [2m103[0m |         deletedAt: null,
 [2m104[0m |         deletedBy: null,
 [2m105[0m |         deletedReason: null,
 [2m106[0m |         status: 'AVAILABLE', // Set to available status
 [2m107[0m |       },
 [2m108[0m |       select: {
 [2m109[0m |         id: true,
 [2m110[0m |         firstName: true,
 [2m111[0m |         lastName: true,
 [2m112[0m |         email: true,
 [2m113[0m |         isDeleted: true,
 [2m114[0m |         status: true,
 [2m115[0m |       },
 [2m116[0m |     })
 [2m117[0m | 
 [2m118[0m |     return NextResponse.json({
 [2m119[0m |       success: true,
 [2m120[0m |       message: 'Driver account restored successfully',
 [2m121[0m |       driver: restoredDriver,
 [2m122[0m |     })
 [2m123[0m |   })(request)
 [2m124[0m | }
 [2m125[0m | 
 [2m126[0m | import { prisma } from '@/lib/prisma'
 [2m127[0m | import { createErrorResponse, withErrorHandling, NotFoundError, AuthorizationError } from '@/lib/errors'
 [2m128[0m | import { rateLimit, RATE_LIMITS } from '@/lib/rate-limit'
 [2m129[0m | import { verifyPassword } from '@/lib/auth'
 [2m130[0m | import { z } from 'zod'
 [2m131[0m | 
 [2m132[0m | const restoreSchema = z.object({
 [2m133[0m |   password: z.string().min(1, 'Password is required'),
 [2m134[0m |   adminId: z.string().min(1, 'Admin ID is required'),
 [2m135[0m | })
 [2m136[0m | 
 [2m137[0m | /**
 [2m138[0m |  * POST /api/drivers/[id]/restore
 [2m139[0m |  * Restore a soft-deleted driver account (Admin only)
 [2m140[0m |  */
 [2m141[0m | export async function POST(
     : [33;1m                      ^^|^[0m
     :                         [33;1m`-- [33;1m`POST` redefined here[0m[0m
 [2m142[0m |   request: NextRequest,
 [2m143[0m |   { params }: { params: Promise<{ id: string }> }
 [2m143[0m | ) {
     `----

Import trace for requested module:
./app/api/drivers/[id]/restore/route.ts


> Build failed because of webpack errors
