app/api/load-requests/[id]/route.ts(109,60): error TS2353: Object literal may only specify known properties, and 'error' does not exist in type 'Error'.
